2026-10-04 17:03:15,036 - INFO - Ingesting begin_inventory.csv into DB
2026-10-04 17:03:31,181 - INFO - Ingesting end_inventory.csv into DB
2026-10-04 17:03:43,307 - INFO - Ingesting purchases.csv into DB
2026-10-04 17:05:27,267 - INFO - Ingesting begin_inventory.csv into DB
2026-10-04 17:05:36,532 - INFO - Ingesting end_inventory.csv into DB
2026-10-04 17:05:48,527 - INFO - Ingesting purchases.csv into DB
2026-10-04 17:06:09,109 - INFO - Ingesting begin_inventory.csv into DB
2026-10-04 17:06:18,554 - INFO - Ingesting end_inventory.csv into DB
2026-10-04 17:06:29,934 - INFO - Ingesting purchases.csv into DB
2026-10-04 17:06:52,974 - INFO - Ingesting begin_inventory.csv into DB
2026-10-04 17:07:02,913 - INFO - Ingesting end_inventory.csv into DB
2026-10-04 17:07:14,611 - INFO - Ingesting purchases.csv into DB
2026-10-04 17:08:25,545 - INFO - Ingesting begin_inventory.csv into DB
2026-10-04 17:08:35,588 - INFO - Ingesting end_inventory.csv into DB
2026-10-04 17:08:47,953 - INFO - Ingesting purchases.csv into DB
2026-10-04 17:10:40,572 - INFO - Ingesting purchase_prices.csv into DB
2026-10-04 17:10:43,103 - INFO - Ingesting sales.csv into DB
2026-10-04 17:16:34,944 - INFO - Ingesting begin_inventory.csv into DB
2026-10-04 17:16:48,211 - INFO - Ingesting end_inventory.csv into DB
2026-10-04 17:17:06,209 - INFO - Ingesting purchases.csv into DB
2026-10-04 17:18:58,147 - INFO - Ingesting purchase_prices.csv into DB
2026-10-04 17:19:01,396 - INFO - Ingesting sales.csv into DB
2026-10-04 17:20:32,310 - INFO - Ingesting begin_inventory.csv into DB
2026-10-04 17:20:45,881 - INFO - Ingesting begin_inventory.csv into DB
2026-10-04 17:20:55,093 - INFO - Ingesting end_inventory.csv into DB
2026-10-04 17:21:06,998 - INFO - Ingesting purchases.csv into DB
